// Jest Snapshot v1, https://goo.gl/fbAQLP

exports[`Storyshots Pages/Home Home Page 1`] = `
<div>
  <main
    style={
      {
        "alignItems": "center",
        "display": "flex",
        "flexDirection": "column",
        "gap": "15px",
        "height": "100vh",
        "justifyContent": "center",
        "width": "100vw",
      }
    }
  >
    <div>
      🐻 Welcome to Gomyang Coupang Home 🐑
    </div>
    <button
      className="c-ipAzwD c-ipAzwD-cJbXIB-designType-alert c-ipAzwD-kvRgfT-designType-primary"
    >
      Enjoy Coding
    </button>
  </main>
</div>
`;
